2026-09-29 15:07:44 [ERROR] Connection to queue failed: Connection error: connection refused
2026-09-29 15:07:46 [ERROR] Connection to NOSQL database failed: Connection error: connection refused
2026-09-29 15:07:46 [SUCCESS] Successfully connected to database brazier_docs
2026-09-29 15:07:46 [INFO] SQL Query: SELECT name FROM migrations;
2026-09-29 15:07:46 [SUCCESS] Server initialized on 0.0.0.0:8080
2026-09-29 15:07:46 [INFO] Starting 12 worker threads
2026-09-29 15:07:56 [INFO] STATS - Active connections: 0, Total requests: 0
2026-09-29 15:08:06 [INFO] STATS - Active connections: 0, Total requests: 0
2026-09-29 15:08:16 [INFO] STATS - Active connections: 0, Total requests: 0
2026-09-29 15:08:26 [INFO] STATS - Active connections: 0, Total requests: 0
2026-09-29 15:08:36 [INFO] STATS - Active connections: 0, Total requests: 0
2026-09-29 15:08:46 [INFO] STATS - Active connections: 0, Total requests: 0
2026-09-29 15:08:56 [INFO] STATS - Active connections: 0, Total requests: 0
2026-09-29 15:09:06 [INFO] STATS - Active connections: 0, Total requests: 0
2026-09-29 15:09:16 [INFO] STATS - Active connections: 0, Total requests: 0
2026-09-29 15:09:26 [INFO] STATS - Active connections: 0, Total requests: 0
2026-09-29 15:09:36 [INFO] STATS - Active connections: 0, Total requests: 0
2026-09-29 15:09:46 [INFO] STATS - Active connections: 0, Total requests: 0
2026-09-29 15:09:56 [INFO] STATS - Active connections: 0, Total requests: 0
2026-09-29 15:10:06 [INFO] STATS - Active connections: 0, Total requests: 0
2026-09-29 15:10:16 [INFO] STATS - Active connections: 0, Total requests: 0
2026-09-29 15:10:26 [INFO] STATS - Active connections: 0, Total requests: 0
2026-09-29 15:10:36 [INFO] STATS - Active connections: 0, Total requests: 0
2026-09-29 15:10:46 [INFO] STATS - Active connections: 0, Total requests: 0
2026-09-29 15:10:56 [INFO] STATS - Active connections: 0, Total requests: 0
2026-09-29 15:11:06 [INFO] STATS - Active connections: 0, Total requests: 0
2026-09-29 15:11:16 [INFO] STATS - Active connections: 0, Total requests: 0
2026-09-29 15:12:41 [SUCCESS] Successfully connected to Redis 127.0.0.1:6379
2026-09-29 15:12:41 [SUCCESS] Successfully connected to Redis 127.0.0.1:6379
2026-09-29 15:12:41 [SUCCESS] Successfully connected to database brazier_docs
2026-09-29 15:12:41 [INFO] SQL Query: SELECT name FROM migrations;
2026-09-29 15:12:41 [SUCCESS] Server initialized on 0.0.0.0:8080
2026-09-29 15:12:41 [INFO] Starting 12 worker threads
2026-09-29 15:12:51 [INFO] STATS - Active connections: 0, Total requests: 0
2026-09-29 15:13:01 [INFO] STATS - Active connections: 0, Total requests: 0
2026-09-29 15:13:11 [INFO] STATS - Active connections: 0, Total requests: 0
2026-09-29 15:13:21 [INFO] STATS - Active connections: 0, Total requests: 0
2026-09-29 15:13:31 [INFO] STATS - Active connections: 0, Total requests: 0
2026-09-29 15:13:41 [INFO] STATS - Active connections: 0, Total requests: 0
2026-09-29 15:13:51 [INFO] STATS - Active connections: 0, Total requests: 0
2026-09-29 15:14:02 [INFO] STATS - Active connections: 0, Total requests: 0
2026-09-29 15:14:12 [INFO] STATS - Active connections: 0, Total requests: 0
2026-09-29 15:14:22 [INFO] STATS - Active connections: 0, Total requests: 0
2026-09-29 15:14:32 [INFO] STATS - Active connections: 0, Total requests: 0
2026-09-29 15:14:42 [INFO] STATS - Active connections: 0, Total requests: 0
2026-09-29 15:14:52 [INFO] STATS - Active connections: 0, Total requests: 0
2026-09-29 15:15:02 [INFO] STATS - Active connections: 0, Total requests: 0
2026-09-29 15:15:12 [INFO] STATS - Active connections: 0, Total requests: 0
2026-09-29 15:15:22 [INFO] STATS - Active connections: 0, Total requests: 0
2026-09-29 15:15:32 [INFO] STATS - Active connections: 0, Total requests: 0
2026-09-29 15:15:42 [INFO] STATS - Active connections: 0, Total requests: 0
2026-09-29 15:15:52 [INFO] STATS - Active connections: 0, Total requests: 0
2026-09-29 15:16:02 [INFO] STATS - Active connections: 0, Total requests: 0
2026-09-29 15:16:12 [INFO] STATS - Active connections: 0, Total requests: 0
2026-09-29 15:16:22 [INFO] STATS - Active connections: 0, Total requests: 0
2026-09-29 15:16:32 [INFO] STATS - Active connections: 0, Total requests: 0
2026-09-29 15:16:42 [INFO] STATS - Active connections: 0, Total requests: 0
2026-09-29 15:16:52 [INFO] STATS - Active connections: 0, Total requests: 0
2026-09-29 15:17:02 [INFO] STATS - Active connections: 0, Total requests: 0
2026-09-29 15:17:12 [INFO] STATS - Active connections: 0, Total requests: 0
2026-09-29 15:17:22 [INFO] STATS - Active connections: 0, Total requests: 0
2026-09-29 15:17:32 [INFO] STATS - Active connections: 0, Total requests: 0
2026-09-29 15:17:42 [INFO] STATS - Active connections: 0, Total requests: 0
2026-09-29 15:17:52 [INFO] STATS - Active connections: 0, Total requests: 0
2026-09-29 15:18:02 [INFO] STATS - Active connections: 0, Total requests: 0
2026-09-29 15:18:12 [INFO] STATS - Active connections: 0, Total requests: 0
2026-09-29 15:18:22 [INFO] STATS - Active connections: 0, Total requests: 0
2026-09-29 15:18:32 [INFO] STATS - Active connections: 0, Total requests: 0
2026-09-29 15:18:42 [INFO] STATS - Active connections: 0, Total requests: 0
2026-09-29 15:18:52 [INFO] STATS - Active connections: 0, Total requests: 0
2026-09-29 15:19:02 [INFO] STATS - Active connections: 0, Total requests: 0
2026-09-29 15:19:12 [INFO] STATS - Active connections: 0, Total requests: 0
2026-09-29 15:19:22 [INFO] STATS - Active connections: 0, Total requests: 0
2026-09-29 15:19:32 [INFO] STATS - Active connections: 0, Total requests: 0
2026-09-29 15:19:42 [INFO] STATS - Active connections: 0, Total requests: 0
2026-09-29 15:19:52 [INFO] STATS - Active connections: 0, Total requests: 0
2026-09-29 15:20:02 [INFO] STATS - Active connections: 0, Total requests: 0
2026-09-29 15:20:12 [INFO] STATS - Active connections: 0, Total requests: 0
2026-09-29 15:20:22 [INFO] STATS - Active connections: 0, Total requests: 0
2026-09-29 15:20:32 [INFO] STATS - Active connections: 0, Total requests: 0
2026-09-29 15:20:42 [INFO] STATS - Active connections: 0, Total requests: 0
2026-09-29 15:20:52 [INFO] STATS - Active connections: 0, Total requests: 0
2026-09-29 15:21:02 [INFO] STATS - Active connections: 0, Total requests: 0
2026-09-29 15:21:12 [INFO] STATS - Active connections: 0, Total requests: 0
2026-09-29 15:21:22 [INFO] STATS - Active connections: 0, Total requests: 0
2026-09-29 15:21:32 [INFO] STATS - Active connections: 0, Total requests: 0
2026-09-29 15:21:42 [INFO] STATS - Active connections: 0, Total requests: 0
2026-09-29 15:21:52 [INFO] STATS - Active connections: 0, Total requests: 0
2026-09-29 15:22:02 [INFO] STATS - Active connections: 0, Total requests: 0
2026-09-29 15:22:12 [INFO] STATS - Active connections: 0, Total requests: 0
2026-09-29 15:22:22 [INFO] STATS - Active connections: 0, Total requests: 0
2026-09-29 15:22:32 [INFO] STATS - Active connections: 0, Total requests: 0
2026-09-29 15:22:42 [INFO] STATS - Active connections: 0, Total requests: 0
2026-09-29 15:22:52 [INFO] STATS - Active connections: 0, Total requests: 0
2026-09-29 15:23:02 [INFO] STATS - Active connections: 0, Total requests: 0
2026-09-29 15:23:12 [INFO] STATS - Active connections: 0, Total requests: 0
2026-09-29 15:23:22 [INFO] STATS - Active connections: 0, Total requests: 0
2026-09-29 15:23:32 [INFO] STATS - Active connections: 0, Total requests: 0
2026-09-29 15:23:42 [INFO] STATS - Active connections: 0, Total requests: 0
2026-09-29 15:23:52 [INFO] STATS - Active connections: 0, Total requests: 0
2026-09-29 15:24:02 [INFO] STATS - Active connections: 0, Total requests: 0
2026-09-29 15:24:12 [INFO] STATS - Active connections: 0, Total requests: 0
2026-09-29 15:47:28 [SUCCESS] Successfully connected to Redis 127.0.0.1:6379
2026-09-29 15:47:28 [SUCCESS] Successfully connected to Redis 127.0.0.1:6379
2026-09-29 15:47:28 [SUCCESS] Successfully connected to database brazier_docs
2026-09-29 15:47:28 [INFO] SQL Query: SELECT name FROM migrations;
2026-09-29 15:47:28 [SUCCESS] Server initialized on 0.0.0.0:8080
2026-09-29 15:47:28 [INFO] Starting 12 worker threads
2026-09-29 15:47:38 [INFO] STATS - Active connections: 0, Total requests: 0
2026-09-29 15:47:48 [INFO] STATS - Active connections: 0, Total requests: 0
2026-09-29 15:47:58 [INFO] STATS - Active connections: 0, Total requests: 0
2026-09-29 15:48:08 [INFO] STATS - Active connections: 0, Total requests: 0
2026-09-29 15:48:18 [INFO] STATS - Active connections: 0, Total requests: 0
2026-09-29 15:48:28 [INFO] STATS - Active connections: 0, Total requests: 0
2026-09-29 15:48:38 [INFO] STATS - Active connections: 0, Total requests: 0
